--------------------------------------------------------------------------------
Release 14.7 Trace  (nt64)
Copyright (c) 1995-2013 Xilinx, Inc.  All rights reserved.

C:\Xilinx\14.7\ISE_DS\ISE\bin\nt64\unwrapped\trce.exe -intstyle ise -v 3 -s 3
-n 3 -fastpaths -xml hex_to_bcd_6bits.twx hex_to_bcd_6bits.ncd -o
hex_to_bcd_6bits.twr hex_to_bcd_6bits.pcf -ucf HEXTOBCD_6bits.ucf

Design file:              hex_to_bcd_6bits.ncd
Physical constraint file: hex_to_bcd_6bits.pcf
Device,package,speed:     xc6slx9,tqg144,C,-3 (PRODUCTION 1.23 2013-10-13)
Report level:             verbose report

Environment Variable      Effect 
--------------------      ------ 
NONE                      No environment variables were set
--------------------------------------------------------------------------------

INFO:Timing:2698 - No timing constraints found, doing default enumeration.
INFO:Timing:3412 - To improve timing, see the Timing Closure User Guide (UG612).
INFO:Timing:2752 - To get complete path coverage, use the unconstrained paths 
   option. All paths that are not constrained will be reported in the 
   unconstrained paths section(s) of the report.
INFO:Timing:3339 - The clock-to-out numbers in this timing report are based on 
   a 50 Ohm transmission line loading model.  For the details of this model, 
   and for more information on accounting for different loading conditions, 
   please see the device datasheet.



Data Sheet report:
-----------------
All values displayed in nanoseconds (ns)

Pad to Pad
---------------+---------------+---------+
Source Pad     |Destination Pad|  Delay  |
---------------+---------------+---------+
buttons<0>     |led<0>         |    6.987|
buttons<1>     |led<1>         |    8.121|
buttons<1>     |led<2>         |    8.018|
buttons<1>     |led<3>         |    8.258|
buttons<1>     |led<4>         |    8.074|
buttons<2>     |led<1>         |    7.759|
buttons<2>     |led<2>         |    7.859|
buttons<2>     |led<3>         |    7.896|
buttons<2>     |led<4>         |    7.915|
buttons<2>     |led<5>         |    7.835|
buttons<3>     |led<1>         |    8.116|
buttons<3>     |led<2>         |    7.940|
buttons<3>     |led<3>         |    8.253|
buttons<3>     |led<4>         |    7.996|
buttons<3>     |led<5>         |    7.967|
buttons<3>     |led<6>         |    8.107|
buttons<4>     |led<1>         |    7.648|
buttons<4>     |led<2>         |    8.011|
buttons<4>     |led<3>         |    7.785|
buttons<4>     |led<4>         |    8.067|
buttons<4>     |led<5>         |    7.771|
buttons<4>     |led<6>         |    7.911|
buttons<5>     |led<1>         |    7.832|
buttons<5>     |led<2>         |    8.078|
buttons<5>     |led<3>         |    7.969|
buttons<5>     |led<4>         |    8.134|
buttons<5>     |led<5>         |    8.191|
buttons<5>     |led<6>         |    8.331|
---------------+---------------+---------+


Analysis completed Fri Jul 21 20:18:28 2023 
--------------------------------------------------------------------------------

Trace Settings:
-------------------------
Trace Settings 

Peak Memory Usage: 4572 MB



