Release 14.7 - xst P.20131013 (nt64)
Copyright (c) 1995-2013 Xilinx, Inc.  All rights reserved.
--> Parameter TMPDIR set to xst/projnav.tmp


Total REAL time to Xst completion: 0.00 secs
Total CPU time to Xst completion: 0.08 secs
 
--> Parameter xsthdpdir set to xst


Total REAL time to Xst completion: 0.00 secs
Total CPU time to Xst completion: 0.09 secs
 
--> Reading design: ALU.prj

TABLE OF CONTENTS
  1) Synthesis Options Summary
  2) HDL Parsing
  3) HDL Elaboration
  4) HDL Synthesis
       4.1) HDL Synthesis Report
  5) Advanced HDL Synthesis
       5.1) Advanced HDL Synthesis Report
  6) Low Level Synthesis
  7) Partition Report
  8) Design Summary
       8.1) Primitive and Black Box Usage
       8.2) Device utilization summary
       8.3) Partition Resource Summary
       8.4) Timing Report
            8.4.1) Clock Information
            8.4.2) Asynchronous Control Signals Information
            8.4.3) Timing Summary
            8.4.4) Timing Details
            8.4.5) Cross Clock Domains Report


=========================================================================
*                      Synthesis Options Summary                        *
=========================================================================
---- Source Parameters
Input File Name                    : "ALU.prj"
Ignore Synthesis Constraint File   : NO

---- Target Parameters
Output File Name                   : "ALU"
Output Format                      : NGC
Target Device                      : xc6slx9-3-tqg144

---- Source Options
Top Module Name                    : ALU
Automatic FSM Extraction           : YES
FSM Encoding Algorithm             : Auto
Safe Implementation                : No
FSM Style                          : LUT
RAM Extraction                     : Yes
RAM Style                          : Auto
ROM Extraction                     : Yes
Shift Register Extraction          : YES
ROM Style                          : Auto
Resource Sharing                   : YES
Asynchronous To Synchronous        : NO
Shift Register Minimum Size        : 2
Use DSP Block                      : Auto
Automatic Register Balancing       : No

---- Target Options
LUT Combining                      : Auto
Reduce Control Sets                : Auto
Add IO Buffers                     : YES
Global Maximum Fanout              : 100000
Add Generic Clock Buffer(BUFG)     : 16
Register Duplication               : YES
Optimize Instantiated Primitives   : NO
Use Clock Enable                   : Auto
Use Synchronous Set                : Auto
Use Synchronous Reset              : Auto
Pack IO Registers into IOBs        : Auto
Equivalent register Removal        : YES

---- General Options
Optimization Goal                  : Speed
Optimization Effort                : 1
Power Reduction                    : NO
Keep Hierarchy                     : No
Netlist Hierarchy                  : As_Optimized
RTL Output                         : Yes
Global Optimization                : AllClockNets
Read Cores                         : YES
Write Timing Constraints           : NO
Cross Clock Analysis               : NO
Hierarchy Separator                : /
Bus Delimiter                      : <>
Case Specifier                     : Maintain
Slice Utilization Ratio            : 100
BRAM Utilization Ratio             : 100
DSP48 Utilization Ratio            : 100
Auto BRAM Packing                  : NO
Slice Utilization Ratio Delta      : 5

=========================================================================


=========================================================================
*                          HDL Parsing                                  *
=========================================================================
Parsing VHDL file "C:\Users\Hau Tran\Desktop\alu\ALU_update_ver2\ALU_update_ver2.vhd" into library work
Parsing entity <ALU>.
Parsing architecture <Behavioral> of entity <alu>.

=========================================================================
*                            HDL Elaboration                            *
=========================================================================

Elaborating entity <ALU> (architecture <Behavioral>) with generics from library <work>.
INFO:HDLCompiler:679 - "C:\Users\Hau Tran\Desktop\alu\ALU_update_ver2\ALU_update_ver2.vhd" Line 96. Case statement is complete. others clause is never selected

=========================================================================
*                           HDL Synthesis                               *
=========================================================================

Synthesizing Unit <ALU>.
    Related source file is "C:\Users\Hau Tran\Desktop\alu\ALU_update_ver2\ALU_update_ver2.vhd".
        bit_shift_num = 1
    Found 9-bit adder for signal <GND_6_o_GND_6_o_add_0_OUT> created at line 49.
    Found 8-bit adder for signal <A[7]_B[7]_add_1_OUT> created at line 50.
    Found 8-bit subtractor for signal <GND_6_o_GND_6_o_sub_3_OUT<7:0>> created at line 52.
    Found 9-bit subtractor for signal <GND_6_o_GND_6_o_sub_9_OUT<8:0>> created at line 62.
    Found 8x8-bit multiplier for signal <n0070> created at line 55.
    Found 1-bit 15-to-1 multiplexer for signal <ALU_sel[3]_GND_6_o_Mux_24_o> created at line 47.
    Found 1-bit 13-to-1 multiplexer for signal <ALU_sel[3]_GND_6_o_Mux_26_o> created at line 47.
    Found 1-bit 13-to-1 multiplexer for signal <ALU_sel[3]_GND_6_o_Mux_28_o> created at line 47.
    Found 1-bit 13-to-1 multiplexer for signal <ALU_sel[3]_GND_6_o_Mux_30_o> created at line 47.
    Found 1-bit 13-to-1 multiplexer for signal <ALU_sel[3]_GND_6_o_Mux_32_o> created at line 47.
    Found 1-bit 13-to-1 multiplexer for signal <ALU_sel[3]_GND_6_o_Mux_34_o> created at line 47.
    Found 1-bit 13-to-1 multiplexer for signal <ALU_sel[3]_GND_6_o_Mux_36_o> created at line 47.
    Found 1-bit 16-to-1 multiplexer for signal <ALU_sel[3]_GND_6_o_Mux_38_o> created at line 47.
    Found 1-bit tristate buffer for signal <ALU_result<7>> created at line 43
    Found 1-bit tristate buffer for signal <ALU_result<6>> created at line 43
    Found 1-bit tristate buffer for signal <ALU_result<5>> created at line 43
    Found 1-bit tristate buffer for signal <ALU_result<4>> created at line 43
    Found 1-bit tristate buffer for signal <ALU_result<3>> created at line 43
    Found 1-bit tristate buffer for signal <ALU_result<2>> created at line 43
    Found 1-bit tristate buffer for signal <ALU_result<1>> created at line 43
    Found 1-bit tristate buffer for signal <ALU_result<0>> created at line 43
    Found 8-bit comparator greater for signal <B[7]_A[7]_LessThan_18_o> created at line 85
    Found 8-bit comparator equal for signal <A[7]_B[7]_equal_20_o> created at line 91
    Summary:
	inferred   1 Multiplier(s).
	inferred   4 Adder/Subtractor(s).
	inferred   2 Comparator(s).
	inferred  19 Multiplexer(s).
	inferred   8 Tristate(s).
Unit <ALU> synthesized.

Synthesizing Unit <div_8u_8u>.
    Related source file is "".
    Found 16-bit adder for signal <n0292> created at line 0.
    Found 16-bit adder for signal <GND_8_o_b[7]_add_1_OUT> created at line 0.
    Found 15-bit adder for signal <n0296> created at line 0.
    Found 15-bit adder for signal <GND_8_o_b[7]_add_3_OUT> created at line 0.
    Found 14-bit adder for signal <n0300> created at line 0.
    Found 14-bit adder for signal <GND_8_o_b[7]_add_5_OUT> created at line 0.
    Found 13-bit adder for signal <n0304> created at line 0.
    Found 13-bit adder for signal <GND_8_o_b[7]_add_7_OUT> created at line 0.
    Found 12-bit adder for signal <n0308> created at line 0.
    Found 12-bit adder for signal <GND_8_o_b[7]_add_9_OUT> created at line 0.
    Found 11-bit adder for signal <n0312> created at line 0.
    Found 11-bit adder for signal <GND_8_o_b[7]_add_11_OUT> created at line 0.
    Found 10-bit adder for signal <n0316> created at line 0.
    Found 10-bit adder for signal <GND_8_o_b[7]_add_13_OUT> created at line 0.
    Found 9-bit adder for signal <n0320> created at line 0.
    Found 9-bit adder for signal <GND_8_o_b[7]_add_15_OUT> created at line 0.
    Found 16-bit comparator lessequal for signal <BUS_0001> created at line 0
    Found 15-bit comparator lessequal for signal <BUS_0002> created at line 0
    Found 14-bit comparator lessequal for signal <BUS_0003> created at line 0
    Found 13-bit comparator lessequal for signal <BUS_0004> created at line 0
    Found 12-bit comparator lessequal for signal <BUS_0005> created at line 0
    Found 11-bit comparator lessequal for signal <BUS_0006> created at line 0
    Found 10-bit comparator lessequal for signal <BUS_0007> created at line 0
    Found 9-bit comparator lessequal for signal <BUS_0008> created at line 0
    Found 8-bit comparator lessequal for signal <BUS_0009> created at line 0
    Summary:
	inferred  16 Adder/Subtractor(s).
	inferred   9 Comparator(s).
	inferred  57 Multiplexer(s).
Unit <div_8u_8u> synthesized.

=========================================================================
HDL Synthesis Report

Macro Statistics
# Multipliers                                          : 1
 8x8-bit multiplier                                    : 1
# Adders/Subtractors                                   : 20
 10-bit adder                                          : 2
 11-bit adder                                          : 2
 12-bit adder                                          : 2
 13-bit adder                                          : 2
 14-bit adder                                          : 2
 15-bit adder                                          : 2
 16-bit adder                                          : 2
 8-bit adder                                           : 1
 8-bit subtractor                                      : 1
 9-bit adder                                           : 2
 9-bit addsub                                          : 1
 9-bit subtractor                                      : 1
# Comparators                                          : 11
 10-bit comparator lessequal                           : 1
 11-bit comparator lessequal                           : 1
 12-bit comparator lessequal                           : 1
 13-bit comparator lessequal                           : 1
 14-bit comparator lessequal                           : 1
 15-bit comparator lessequal                           : 1
 16-bit comparator lessequal                           : 1
 8-bit comparator equal                                : 1
 8-bit comparator greater                              : 1
 8-bit comparator lessequal                            : 1
 9-bit comparator lessequal                            : 1
# Multiplexers                                         : 76
 1-bit 13-to-1 multiplexer                             : 6
 1-bit 15-to-1 multiplexer                             : 1
 1-bit 16-to-1 multiplexer                             : 1
 1-bit 2-to-1 multiplexer                              : 62
 8-bit 2-to-1 multiplexer                              : 1
 9-bit 2-to-1 multiplexer                              : 5
# Tristates                                            : 8
 1-bit tristate buffer                                 : 8
# Xors                                                 : 2
 8-bit xor2                                            : 2

=========================================================================

=========================================================================
*                       Advanced HDL Synthesis                          *
=========================================================================


=========================================================================
Advanced HDL Synthesis Report

Macro Statistics
# Multipliers                                          : 1
 8x8-bit multiplier                                    : 1
# Adders/Subtractors                                   : 12
 8-bit adder                                           : 1
 8-bit adder carry in                                  : 8
 8-bit subtractor                                      : 1
 9-bit addsub                                          : 1
 9-bit subtractor                                      : 1
# Comparators                                          : 11
 10-bit comparator lessequal                           : 1
 11-bit comparator lessequal                           : 1
 12-bit comparator lessequal                           : 1
 13-bit comparator lessequal                           : 1
 14-bit comparator lessequal                           : 1
 15-bit comparator lessequal                           : 1
 16-bit comparator lessequal                           : 1
 8-bit comparator equal                                : 1
 8-bit comparator greater                              : 1
 8-bit comparator lessequal                            : 1
 9-bit comparator lessequal                            : 1
# Multiplexers                                         : 76
 1-bit 13-to-1 multiplexer                             : 6
 1-bit 15-to-1 multiplexer                             : 1
 1-bit 16-to-1 multiplexer                             : 1
 1-bit 2-to-1 multiplexer                              : 62
 8-bit 2-to-1 multiplexer                              : 1
 9-bit 2-to-1 multiplexer                              : 5
# Xors                                                 : 2
 8-bit xor2                                            : 2

=========================================================================

=========================================================================
*                         Low Level Synthesis                           *
=========================================================================
WARNING:Xst:2042 - Unit ALU: 8 internal tristates are replaced by logic (pull-up yes): N10, N11, N12, N13, N14, N7, N8, N9.

Optimizing unit <ALU> ...

Optimizing unit <div_8u_8u> ...

Mapping all equations...
Building and optimizing final netlist ...
Found area constraint ratio of 100 (+ 5) on block ALU, actual ratio is 5.

Final Macro Processing ...

=========================================================================
Final Register Report

Found no macro
=========================================================================

=========================================================================
*                           Partition Report                            *
=========================================================================

Partition Implementation Status
-------------------------------

  No Partitions were found in this design.

-------------------------------

=========================================================================
*                            Design Summary                             *
=========================================================================

Top Level Output File Name         : ALU.ngc

Primitive and Black Box Usage:
------------------------------
# BELS                             : 234
#      GND                         : 1
#      LUT1                        : 1
#      LUT2                        : 37
#      LUT3                        : 27
#      LUT4                        : 15
#      LUT5                        : 18
#      LUT6                        : 54
#      MUXCY                       : 41
#      MUXF7                       : 8
#      VCC                         : 1
#      XORCY                       : 31
# IO Buffers                       : 32
#      IBUF                        : 20
#      OBUF                        : 3
#      OBUFT                       : 9
# DSPs                             : 1
#      DSP48A1                     : 1

Device utilization summary:
---------------------------

Selected Device : 6slx9tqg144-3 


Slice Logic Utilization: 
 Number of Slice LUTs:                  152  out of   5720     2%  
    Number used as Logic:               152  out of   5720     2%  

Slice Logic Distribution: 
 Number of LUT Flip Flop pairs used:    152
   Number with an unused Flip Flop:     152  out of    152   100%  
   Number with an unused LUT:             0  out of    152     0%  
   Number of fully used LUT-FF pairs:     0  out of    152     0%  
   Number of unique control sets:         0

IO Utilization: 
 Number of IOs:                          32
 Number of bonded IOBs:                  32  out of    102    31%  

Specific Feature Utilization:
 Number of DSP48A1s:                      1  out of     16     6%  

---------------------------
Partition Resource Summary:
---------------------------

  No Partitions were found in this design.

---------------------------


=========================================================================
Timing Report

NOTE: THESE TIMING NUMBERS ARE ONLY A SYNTHESIS ESTIMATE.
      FOR ACCURATE TIMING INFORMATION PLEASE REFER TO THE TRACE REPORT
      GENERATED AFTER PLACE-and-ROUTE.

Clock Information:
------------------
No clock signals found in this design

Asynchronous Control Signals Information:
----------------------------------------
No asynchronous control signals found in this design

Timing Summary:
---------------
Speed Grade: -3

   Minimum period: No path found
   Minimum input arrival time before clock: No path found
   Maximum output required time after clock: No path found
   Maximum combinational path delay: 31.311ns

Timing Details:
---------------
All values displayed in nanoseconds (ns)

=========================================================================
Timing constraint: Default path analysis
  Total number of paths / destination ports: 3439064 / 12
-------------------------------------------------------------------------
Delay:               31.311ns (Levels of Logic = 29)
  Source:            B<3> (PAD)
  Destination:       NZVC<2> (PAD)

  Data Path: B<3> to NZVC<2>
                                Gate     Net
    Cell:in->out      fanout   Delay   Delay  Logical Name (Net Name)
    ----------------------------------------  ------------
     IBUF:I->O            25   1.222   1.537  B_3_IBUF (B_3_IBUF)
     LUT5:I0->O            6   0.203   1.089  A[7]_B[7]_div_7/o<7>121 (A[7]_B[7]_div_7/o<7>12)
     LUT6:I1->O            2   0.203   0.864  A[7]_B[7]_div_7/Mmux_a[0]_GND_8_o_MUX_90_o161 (A[7]_B[7]_div_7/a[6]_GND_8_o_MUX_84_o)
     LUT6:I2->O            4   0.203   1.048  A[7]_B[7]_div_7/o<5>12 (A[7]_B[7]_div_7_OUT<5>)
     LUT6:I0->O            2   0.203   0.981  A[7]_B[7]_div_7/Mmux_a[0]_GND_8_o_MUX_116_o161 (A[7]_B[7]_div_7/a[6]_GND_8_o_MUX_110_o)
     LUT6:I0->O            2   0.203   0.721  A[7]_B[7]_div_7/o<4>2 (A[7]_B[7]_div_7/Madd_GND_8_o_b[7]_add_9_OUT_Madd_Madd_cy<6>)
     LUT5:I3->O            5   0.203   1.079  A[7]_B[7]_div_7/o<4>11 (A[7]_B[7]_div_7_OUT<4>)
     LUT6:I0->O            2   0.203   0.981  A[7]_B[7]_div_7/Mmux_a[0]_GND_8_o_MUX_140_o151 (A[7]_B[7]_div_7/a[5]_GND_8_o_MUX_135_o)
     LUT6:I0->O            5   0.203   0.962  A[7]_B[7]_div_7/o<3>1 (A[7]_B[7]_div_7/Madd_GND_8_o_b[7]_add_11_OUT_Madd_Madd_cy<5>)
     LUT6:I2->O           13   0.203   1.297  A[7]_B[7]_div_7/o<3>11 (A[7]_B[7]_div_7_OUT<3>)
     LUT6:I0->O            3   0.203   1.015  A[7]_B[7]_div_7/Mmux_a[0]_GND_8_o_MUX_162_o141 (A[7]_B[7]_div_7/a[4]_GND_8_o_MUX_158_o)
     LUT6:I0->O            1   0.203   0.808  A[7]_B[7]_div_7/o<2>1 (A[7]_B[7]_div_7/o<2>1)
     LUT3:I0->O            1   0.205   0.684  A[7]_B[7]_div_7/o<2>24_SW0 (N29)
     LUT6:I4->O           18   0.203   1.394  A[7]_B[7]_div_7/o<2>24 (A[7]_B[7]_div_7_OUT<2>)
     LUT5:I0->O            1   0.203   0.944  A[7]_B[7]_div_7/Mmux_a[0]_GND_8_o_MUX_182_o131 (A[7]_B[7]_div_7/a[3]_GND_8_o_MUX_179_o)
     LUT6:I0->O            2   0.203   0.845  A[7]_B[7]_div_7/o<1>3 (A[7]_B[7]_div_7/o<1>1)
     LUT6:I3->O            1   0.205   0.000  A[7]_B[7]_div_7/o<1>1_G (N38)
     MUXF7:I1->O           1   0.140   0.580  A[7]_B[7]_div_7/o<1>1 (A[7]_B[7]_div_7/o<1>2)
     LUT6:I5->O            6   0.205   1.089  A[7]_B[7]_div_7/o<1>21 (A[7]_B[7]_div_7_OUT<1>)
     LUT5:I0->O            2   0.203   0.961  A[7]_B[7]_div_7/Mmux_n028651 (A[7]_B[7]_div_7/n0286<4>)
     LUT6:I1->O            1   0.203   0.000  A[7]_B[7]_div_7/o<0>1_G (N40)
     MUXF7:I1->O           2   0.140   0.721  A[7]_B[7]_div_7/o<0>1 (A[7]_B[7]_div_7/o<0>2)
     LUT5:I3->O            1   0.203   0.000  A[7]_B[7]_div_7/o<0>2_G (N36)
     MUXF7:I1->O           1   0.140   0.808  A[7]_B[7]_div_7/o<0>2 (A[7]_B[7]_div_7_OUT<0>)
     LUT6:I3->O            1   0.205   0.580  Mmux_ALU_sel[3]_GND_6_o_Mux_38_o_6 (Mmux_ALU_sel[3]_GND_6_o_Mux_38_o_6)
     LUT6:I5->O            1   0.205   0.000  ALU_sel<3>51_F (N45)
     MUXF7:I0->O           2   0.131   0.721  ALU_sel<3>51 (result_0_OBUFT)
     LUT3:I1->O            1   0.203   0.579  Z<7>3 (NZVC_2_OBUF)
     OBUF:I->O                 2.571          NZVC_2_OBUF (NZVC<2>)
    ----------------------------------------
    Total                     31.311ns (9.023ns logic, 22.288ns route)
                                       (28.8% logic, 71.2% route)

=========================================================================

Cross Clock Domains Report:
--------------------------

=========================================================================


Total REAL time to Xst completion: 4.00 secs
Total CPU time to Xst completion: 4.03 secs
 
--> 

Total memory usage is 4504700 kilobytes

Number of errors   :    0 (   0 filtered)
Number of warnings :    1 (   0 filtered)
Number of infos    :    0 (   0 filtered)

