Release 14.7 - xst P.20131013 (nt64)
Copyright (c) 1995-2013 Xilinx, Inc.  All rights reserved.
--> Parameter TMPDIR set to xst/projnav.tmp


Total REAL time to Xst completion: 0.00 secs
Total CPU time to Xst completion: 0.16 secs
 
--> Parameter xsthdpdir set to xst


Total REAL time to Xst completion: 0.00 secs
Total CPU time to Xst completion: 0.17 secs
 
--> Reading design: PHATHIEN_MUC1_3XUNG.prj

TABLE OF CONTENTS
  1) Synthesis Options Summary
  2) HDL Parsing
  3) HDL Elaboration
  4) HDL Synthesis
       4.1) HDL Synthesis Report
  5) Advanced HDL Synthesis
       5.1) Advanced HDL Synthesis Report
  6) Low Level Synthesis
  7) Partition Report
  8) Design Summary
       8.1) Primitive and Black Box Usage
       8.2) Device utilization summary
       8.3) Partition Resource Summary
       8.4) Timing Report
            8.4.1) Clock Information
            8.4.2) Asynchronous Control Signals Information
            8.4.3) Timing Summary
            8.4.4) Timing Details
            8.4.5) Cross Clock Domains Report


=========================================================================
*                      Synthesis Options Summary                        *
=========================================================================
---- Source Parameters
Input File Name                    : "PHATHIEN_MUC1_3XUNG.prj"
Ignore Synthesis Constraint File   : NO

---- Target Parameters
Output File Name                   : "PHATHIEN_MUC1_3XUNG"
Output Format                      : NGC
Target Device                      : xc6slx9-3-tqg144

---- Source Options
Top Module Name                    : PHATHIEN_MUC1_3XUNG
Automatic FSM Extraction           : YES
FSM Encoding Algorithm             : Auto
Safe Implementation                : No
FSM Style                          : LUT
RAM Extraction                     : Yes
RAM Style                          : Auto
ROM Extraction                     : Yes
Shift Register Extraction          : YES
ROM Style                          : Auto
Resource Sharing                   : YES
Asynchronous To Synchronous        : NO
Shift Register Minimum Size        : 2
Use DSP Block                      : Auto
Automatic Register Balancing       : No

---- Target Options
LUT Combining                      : Auto
Reduce Control Sets                : Auto
Add IO Buffers                     : YES
Global Maximum Fanout              : 100000
Add Generic Clock Buffer(BUFG)     : 16
Register Duplication               : YES
Optimize Instantiated Primitives   : NO
Use Clock Enable                   : Auto
Use Synchronous Set                : Auto
Use Synchronous Reset              : Auto
Pack IO Registers into IOBs        : Auto
Equivalent register Removal        : YES

---- General Options
Optimization Goal                  : Speed
Optimization Effort                : 1
Power Reduction                    : NO
Keep Hierarchy                     : No
Netlist Hierarchy                  : As_Optimized
RTL Output                         : Yes
Global Optimization                : AllClockNets
Read Cores                         : YES
Write Timing Constraints           : NO
Cross Clock Analysis               : NO
Hierarchy Separator                : /
Bus Delimiter                      : <>
Case Specifier                     : Maintain
Slice Utilization Ratio            : 100
BRAM Utilization Ratio             : 100
DSP48 Utilization Ratio            : 100
Auto BRAM Packing                  : NO
Slice Utilization Ratio Delta      : 5

=========================================================================


=========================================================================
*                          HDL Parsing                                  *
=========================================================================
Parsing VHDL file "C:\Users\Hau Tran\Desktop\vhdl\PHATHIEN_3XUNG\CHIA_ENA1HZ_CK1HZ.vhd" into library work
Parsing entity <CHIA_ENA1HZ_CK1HZ>.
Parsing architecture <Behavioral> of entity <chia_ena1hz_ck1hz>.
Parsing VHDL file "C:\Users\Hau Tran\Desktop\vhdl\PHATHIEN_3XUNG\PHATHIEN_MUC1_3XUNG.vhd" into library work
Parsing entity <PHATHIEN_MUC1_3XUNG>.
Parsing architecture <Behavioral> of entity <phathien_muc1_3xung>.

=========================================================================
*                            HDL Elaboration                            *
=========================================================================

Elaborating entity <PHATHIEN_MUC1_3XUNG> (architecture <Behavioral>) from library <work>.

Elaborating entity <CHIA_ENA1HZ_CK1HZ> (architecture <Behavioral>) from library <work>.

=========================================================================
*                           HDL Synthesis                               *
=========================================================================

Synthesizing Unit <PHATHIEN_MUC1_3XUNG>.
    Related source file is "C:\Users\Hau Tran\Desktop\vhdl\PHATHIEN_3XUNG\PHATHIEN_MUC1_3XUNG.vhd".
    Found 2-bit register for signal <tt_r>.
    Found finite state machine <FSM_0> for signal <tt_r>.
    -----------------------------------------------------------------------
    | States             | 4                                              |
    | Transitions        | 12                                             |
    | Inputs             | 2                                              |
    | Outputs            | 3                                              |
    | Clock              | CKHT (falling_edge)                            |
    | Reset              | button (negative)                              |
    | Reset type         | asynchronous                                   |
    | Reset State        | zero                                           |
    | Power Up State     | zero                                           |
    | Encoding           | auto                                           |
    | Implementation     | LUT                                            |
    -----------------------------------------------------------------------
    Summary:
	inferred   1 Finite State Machine(s).
Unit <PHATHIEN_MUC1_3XUNG> synthesized.

Synthesizing Unit <CHIA_ENA1HZ_CK1HZ>.
    Related source file is "C:\Users\Hau Tran\Desktop\vhdl\PHATHIEN_3XUNG\CHIA_ENA1HZ_CK1HZ.vhd".
    Found 26-bit register for signal <d1hz_r>.
    Found 27-bit adder for signal <n0011> created at line 52.
    Found 26-bit comparator lessequal for signal <GND_4_o_d1hz_r[25]_LessThan_6_o> created at line 55
    Summary:
	inferred   1 Adder/Subtractor(s).
	inferred  26 D-type flip-flop(s).
	inferred   1 Comparator(s).
Unit <CHIA_ENA1HZ_CK1HZ> synthesized.

=========================================================================
HDL Synthesis Report

Macro Statistics
# Adders/Subtractors                                   : 1
 27-bit adder                                          : 1
# Registers                                            : 1
 26-bit register                                       : 1
# Comparators                                          : 1
 26-bit comparator lessequal                           : 1
# FSMs                                                 : 1

=========================================================================

=========================================================================
*                       Advanced HDL Synthesis                          *
=========================================================================


Synthesizing (advanced) Unit <CHIA_ENA1HZ_CK1HZ>.
The following registers are absorbed into counter <d1hz_r>: 1 register on signal <d1hz_r>.
Unit <CHIA_ENA1HZ_CK1HZ> synthesized (advanced).

=========================================================================
Advanced HDL Synthesis Report

Macro Statistics
# Counters                                             : 1
 26-bit up counter                                     : 1
# Comparators                                          : 1
 26-bit comparator lessequal                           : 1
# FSMs                                                 : 1

=========================================================================

=========================================================================
*                         Low Level Synthesis                           *
=========================================================================
Analyzing FSM <MFsm> for best encoding.
Optimizing FSM <FSM_0> on signal <tt_r[1:2]> with user encoding.
-------------------
 State | Encoding
-------------------
 zero  | 00
 one   | 01
 two   | 10
 three | 11
-------------------

Optimizing unit <PHATHIEN_MUC1_3XUNG> ...

Mapping all equations...
Building and optimizing final netlist ...
Found area constraint ratio of 100 (+ 5) on block PHATHIEN_MUC1_3XUNG, actual ratio is 0.

Final Macro Processing ...

=========================================================================
Final Register Report

Macro Statistics
# Registers                                            : 28
 Flip-Flops                                            : 28

=========================================================================

=========================================================================
*                           Partition Report                            *
=========================================================================

Partition Implementation Status
-------------------------------

  No Partitions were found in this design.

-------------------------------

=========================================================================
*                            Design Summary                             *
=========================================================================

Top Level Output File Name         : PHATHIEN_MUC1_3XUNG.ngc

Primitive and Black Box Usage:
------------------------------
# BELS                             : 137
#      GND                         : 1
#      INV                         : 4
#      LUT1                        : 25
#      LUT2                        : 27
#      LUT4                        : 3
#      LUT5                        : 8
#      LUT6                        : 11
#      MUXCY                       : 31
#      VCC                         : 1
#      XORCY                       : 26
# FlipFlops/Latches                : 28
#      FD                          : 26
#      FDC_1                       : 2
# Clock Buffers                    : 1
#      BUFGP                       : 1
# IO Buffers                       : 6
#      IBUF                        : 2
#      OBUF                        : 4

Device utilization summary:
---------------------------

Selected Device : 6slx9tqg144-3 


Slice Logic Utilization: 
 Number of Slice Registers:              28  out of  11440     0%  
 Number of Slice LUTs:                   78  out of   5720     1%  
    Number used as Logic:                78  out of   5720     1%  

Slice Logic Distribution: 
 Number of LUT Flip Flop pairs used:     78
   Number with an unused Flip Flop:      50  out of     78    64%  
   Number with an unused LUT:             0  out of     78     0%  
   Number of fully used LUT-FF pairs:    28  out of     78    35%  
   Number of unique control sets:         2

IO Utilization: 
 Number of IOs:                           7
 Number of bonded IOBs:                   7  out of    102     6%  

Specific Feature Utilization:
 Number of BUFG/BUFGCTRLs:                1  out of     16     6%  

---------------------------
Partition Resource Summary:
---------------------------

  No Partitions were found in this design.

---------------------------


=========================================================================
Timing Report

NOTE: THESE TIMING NUMBERS ARE ONLY A SYNTHESIS ESTIMATE.
      FOR ACCURATE TIMING INFORMATION PLEASE REFER TO THE TRACE REPORT
      GENERATED AFTER PLACE-and-ROUTE.

Clock Information:
------------------
-----------------------------------+------------------------+-------+
Clock Signal                       | Clock buffer(FF name)  | Load  |
-----------------------------------+------------------------+-------+
CKHT                               | BUFGP                  | 28    |
-----------------------------------+------------------------+-------+

Asynchronous Control Signals Information:
----------------------------------------
No asynchronous control signals found in this design

Timing Summary:
---------------
Speed Grade: -3

   Minimum period: 4.054ns (Maximum Frequency: 246.688MHz)
   Minimum input arrival time before clock: 3.176ns
   Maximum output required time after clock: 5.263ns
   Maximum combinational path delay: No path found

Timing Details:
---------------
All values displayed in nanoseconds (ns)

=========================================================================
Timing constraint: Default period analysis for Clock 'CKHT'
  Clock period: 4.054ns (frequency: 246.688MHz)
  Total number of paths / destination ports: 1085 / 28
-------------------------------------------------------------------------
Delay:               4.054ns (Levels of Logic = 3)
  Source:            IC1/d1hz_r_11 (FF)
  Destination:       IC1/d1hz_r_1 (FF)
  Source Clock:      CKHT falling
  Destination Clock: CKHT falling

  Data Path: IC1/d1hz_r_11 to IC1/d1hz_r_1
                                Gate     Net
    Cell:in->out      fanout   Delay   Delay  Logical Name (Net Name)
    ----------------------------------------  ------------
     FD:C->Q               5   0.447   1.079  IC1/d1hz_r_11 (IC1/d1hz_r_11)
     LUT6:I0->O            3   0.203   0.879  IC1/PWR_4_o_d1hz_r[25]_equal_2_o<25>_SW0_SW0 (N11)
     LUT6:I3->O           13   0.205   0.933  IC1/PWR_4_o_d1hz_r[25]_equal_2_o<25> (IC1/PWR_4_o_d1hz_r[25]_equal_2_o)
     LUT2:I1->O            1   0.205   0.000  IC1/d1hz_r_1_rstpot (IC1/d1hz_r_1_rstpot)
     FD:D                      0.102          IC1/d1hz_r_1
    ----------------------------------------
    Total                      4.054ns (1.162ns logic, 2.892ns route)
                                       (28.7% logic, 71.3% route)

=========================================================================
Timing constraint: Default OFFSET IN BEFORE for Clock 'CKHT'
  Total number of paths / destination ports: 4 / 4
-------------------------------------------------------------------------
Offset:              3.176ns (Levels of Logic = 3)
  Source:            switch (PAD)
  Destination:       tt_r_FSM_FFd1 (FF)
  Destination Clock: CKHT falling

  Data Path: switch to tt_r_FSM_FFd1
                                Gate     Net
    Cell:in->out      fanout   Delay   Delay  Logical Name (Net Name)
    ----------------------------------------  ------------
     IBUF:I->O             2   1.222   0.864  switch_IBUF (switch_IBUF)
     LUT5:I1->O            1   0.203   0.580  IC1/ena1hz<25>_SW1 (N15)
     LUT6:I5->O            1   0.205   0.000  tt_r_FSM_FFd1-In1 (tt_r_FSM_FFd1-In)
     FDC_1:D                   0.102          tt_r_FSM_FFd1
    ----------------------------------------
    Total                      3.176ns (1.732ns logic, 1.444ns route)
                                       (54.5% logic, 45.5% route)

=========================================================================
Timing constraint: Default OFFSET OUT AFTER for Clock 'CKHT'
  Total number of paths / destination ports: 47 / 4
-------------------------------------------------------------------------
Offset:              5.263ns (Levels of Logic = 5)
  Source:            IC1/d1hz_r_16 (FF)
  Destination:       leds<3> (PAD)
  Source Clock:      CKHT falling

  Data Path: IC1/d1hz_r_16 to leds<3>
                                Gate     Net
    Cell:in->out      fanout   Delay   Delay  Logical Name (Net Name)
    ----------------------------------------  ------------
     FD:C->Q               5   0.447   1.059  IC1/d1hz_r_16 (IC1/d1hz_r_16)
     LUT5:I0->O            1   0.203   0.000  IC1/Mcompar_ck1hz_lut<3> (IC1/Mcompar_ck1hz_lut<3>)
     MUXCY:S->O            1   0.172   0.000  IC1/Mcompar_ck1hz_cy<3> (IC1/Mcompar_ck1hz_cy<3>)
     MUXCY:CI->O           1   0.019   0.000  IC1/Mcompar_ck1hz_cy<4> (IC1/Mcompar_ck1hz_cy<4>)
     MUXCY:CI->O           1   0.213   0.579  IC1/Mcompar_ck1hz_cy<5> (leds_3_OBUF)
     OBUF:I->O                 2.571          leds_3_OBUF (leds<3>)
    ----------------------------------------
    Total                      5.263ns (3.625ns logic, 1.638ns route)
                                       (68.9% logic, 31.1% route)

=========================================================================

Cross Clock Domains Report:
--------------------------

Clock to Setup on destination clock CKHT
---------------+---------+---------+---------+---------+
               | Src:Rise| Src:Fall| Src:Rise| Src:Fall|
Source Clock   |Dest:Rise|Dest:Rise|Dest:Fall|Dest:Fall|
---------------+---------+---------+---------+---------+
CKHT           |         |         |    4.054|         |
---------------+---------+---------+---------+---------+

=========================================================================


Total REAL time to Xst completion: 6.00 secs
Total CPU time to Xst completion: 6.23 secs
 
--> 

Total memory usage is 4487420 kilobytes

Number of errors   :    0 (   0 filtered)
Number of warnings :    0 (   0 filtered)
Number of infos    :    0 (   0 filtered)

