--------------------------------------------------------------------------------
Release 14.7 Trace  (nt64)
Copyright (c) 1995-2013 Xilinx, Inc.  All rights reserved.

C:\Xilinx\14.7\ISE_DS\ISE\bin\nt64\unwrapped\trce.exe -intstyle ise -v 3 -s 3
-n 3 -fastpaths -xml dem_4digit_7doan.twx dem_4digit_7doan.ncd -o
dem_4digit_7doan.twr dem_4digit_7doan.pcf -ucf dem_4digit.ucf

Design file:              dem_4digit_7doan.ncd
Physical constraint file: dem_4digit_7doan.pcf
Device,package,speed:     xc6slx9,tqg144,C,-3 (PRODUCTION 1.23 2013-10-13)
Report level:             verbose report

Environment Variable      Effect 
--------------------      ------ 
NONE                      No environment variables were set
--------------------------------------------------------------------------------

INFO:Timing:2698 - No timing constraints found, doing default enumeration.
INFO:Timing:3412 - To improve timing, see the Timing Closure User Guide (UG612).
INFO:Timing:2752 - To get complete path coverage, use the unconstrained paths 
   option. All paths that are not constrained will be reported in the 
   unconstrained paths section(s) of the report.
INFO:Timing:3339 - The clock-to-out numbers in this timing report are based on 
   a 50 Ohm transmission line loading model.  For the details of this model, 
   and for more information on accounting for different loading conditions, 
   please see the device datasheet.



Data Sheet report:
-----------------
All values displayed in nanoseconds (ns)

Setup/Hold to clock CKHT
------------+------------+------------+------------+------------+------------------+--------+
            |Max Setup to|  Process   |Max Hold to |  Process   |                  | Clock  |
Source      | clk (edge) |   Corner   | clk (edge) |   Corner   |Internal Clock(s) | Phase  |
------------+------------+------------+------------+------------+------------------+--------+
btn0        |    4.304(F)|      SLOW  |   -0.796(F)|      FAST  |CKHT_BUFGP        |   0.000|
sw0         |    3.476(F)|      SLOW  |   -0.765(F)|      SLOW  |CKHT_BUFGP        |   0.000|
------------+------------+------------+------------+------------+------------------+--------+

Clock CKHT to Pad
------------+-----------------+------------+-----------------+------------+------------------+--------+
            |Max (slowest) clk|  Process   |Min (fastest) clk|  Process   |                  | Clock  |
Destination |  (edge) to PAD  |   Corner   |  (edge) to PAD  |   Corner   |Internal Clock(s) | Phase  |
------------+-----------------+------------+-----------------+------------+------------------+--------+
anode<4>    |         9.176(F)|      SLOW  |         4.700(F)|      FAST  |CKHT_BUFGP        |   0.000|
anode<5>    |         9.444(F)|      SLOW  |         4.899(F)|      FAST  |CKHT_BUFGP        |   0.000|
anode<6>    |         9.312(F)|      SLOW  |         4.565(F)|      FAST  |CKHT_BUFGP        |   0.000|
anode<7>    |         9.547(F)|      SLOW  |         4.713(F)|      FAST  |CKHT_BUFGP        |   0.000|
sseg<0>     |        11.484(F)|      SLOW  |         5.182(F)|      FAST  |CKHT_BUFGP        |   0.000|
sseg<1>     |        11.525(F)|      SLOW  |         5.001(F)|      FAST  |CKHT_BUFGP        |   0.000|
sseg<2>     |        11.936(F)|      SLOW  |         5.165(F)|      FAST  |CKHT_BUFGP        |   0.000|
sseg<3>     |        11.324(F)|      SLOW  |         5.119(F)|      FAST  |CKHT_BUFGP        |   0.000|
sseg<4>     |        11.537(F)|      SLOW  |         4.983(F)|      FAST  |CKHT_BUFGP        |   0.000|
sseg<5>     |        11.656(F)|      SLOW  |         5.000(F)|      FAST  |CKHT_BUFGP        |   0.000|
sseg<6>     |        11.785(F)|      SLOW  |         5.126(F)|      FAST  |CKHT_BUFGP        |   0.000|
------------+-----------------+------------+-----------------+------------+------------------+--------+

Clock to Setup on destination clock CKHT
---------------+---------+---------+---------+---------+
               | Src:Rise| Src:Fall| Src:Rise| Src:Fall|
Source Clock   |Dest:Rise|Dest:Rise|Dest:Fall|Dest:Fall|
---------------+---------+---------+---------+---------+
CKHT           |         |         |         |    4.206|
---------------+---------+---------+---------+---------+


Analysis completed Mon Aug 07 10:54:58 2023 
--------------------------------------------------------------------------------

Trace Settings:
-------------------------
Trace Settings 

Peak Memory Usage: 4572 MB



